{
  "version": "1.5.0",
  "plugins_used": [
    {
      "name": "ArtifactoryDetector"
    },
    {
      "name": "AWSKeyDetector"
    },
    {
      "name": "AzureStorageKeyDetector"
    },
    {
      "name": "Base64HighEntropyString",
      "limit": 4.5
    },
    {
      "name": "BasicAuthDetector"
    },
    {
      "name": "CloudantDetector"
    },
    {
      "name": "DiscordBotTokenDetector"
    },
    {
      "name": "GitHubTokenDetector"
    },
    {
      "name": "GitLabTokenDetector"
    },
    {
      "name": "HexHighEntropyString",
      "limit": 3.0
    },
    {
      "name": "IbmCloudIamDetector"
    },
    {
      "name": "IbmCosHmacDetector"
    },
    {
      "name": "IPPublicDetector"
    },
    {
      "name": "JwtTokenDetector"
    },
    {
      "name": "KeywordDetector",
      "keyword_exclude": ""
    },
    {
      "name": "MailchimpDetector"
    },
    {
      "name": "NpmDetector"
    },
    {
      "name": "OpenAIDetector"
    },
    {
      "name": "PrivateKeyDetector"
    },
    {
      "name": "PypiTokenDetector"
    },
    {
      "name": "SendGridDetector"
    },
    {
      "name": "SlackDetector"
    },
    {
      "name": "SoftlayerDetector"
    },
    {
      "name": "SquareOAuthDetector"
    },
    {
      "name": "StripeDetector"
    },
    {
      "name": "TelegramBotTokenDetector"
    },
    {
      "name": "TwilioKeyDetector"
    }
  ],
  "filters_used": [
    {
      "path": "detect_secrets.filters.allowlist.is_line_allowlisted"
    },
    {
      "path": "detect_secrets.filters.common.is_ignored_due_to_verification_policies",
      "min_level": 2
    },
    {
      "path": "detect_secrets.filters.heuristic.is_indirect_reference"
    },
    {
      "path": "detect_secrets.filters.heuristic.is_likely_id_string"
    },
    {
      "path": "detect_secrets.filters.heuristic.is_lock_file"
    },
    {
      "path": "detect_secrets.filters.heuristic.is_not_alphanumeric_string"
    },
    {
      "path": "detect_secrets.filters.heuristic.is_potential_uuid"
    },
    {
      "path": "detect_secrets.filters.heuristic.is_prefixed_with_dollar_sign"
    },
    {
      "path": "detect_secrets.filters.heuristic.is_sequential_string"
    },
    {
      "path": "detect_secrets.filters.heuristic.is_swagger_file"
    },
    {
      "path": "detect_secrets.filters.heuristic.is_templated_secret"
    }
  ],
  "results": {
    "_archive/run_demo.py": [
      {
        "type": "Secret Keyword",
        "filename": "_archive/run_demo.py",
        "hashed_secret": "e9b4dce312643ee0e1bd0561a50d9d5a7e5a2be1",
        "is_verified": false,
        "line_number": 9
      }
    ],
    "src/grafana_setup.py": [
      {
        "type": "Secret Keyword",
        "filename": "src/grafana_setup.py",
        "hashed_secret": "2e7a7ee14caebf378fc32d6cf6f557f347c96773",
        "is_verified": false,
        "line_number": 44
      }
    ],
    "tests/US-009_n8n_email_validation_workflow.test.py": [
      {
        "type": "Secret Keyword",
        "filename": "tests/US-009_n8n_email_validation_workflow.test.py",
        "hashed_secret": "cbef173962285a02a384f70daed3cd34cd24aece",
        "is_verified": false,
        "line_number": 144
      }
    ],
    "tests/US-011_n8n_credential_connectivity.test.py": [
      {
        "type": "Secret Keyword",
        "filename": "tests/US-011_n8n_credential_connectivity.test.py",
        "hashed_secret": "cbef173962285a02a384f70daed3cd34cd24aece",
        "is_verified": false,
        "line_number": 79
      },
      {
        "type": "Secret Keyword",
        "filename": "tests/US-011_n8n_credential_connectivity.test.py",
        "hashed_secret": "2181807c1e6f09393912b9e8044cde16a3349e45",
        "is_verified": false,
        "line_number": 81
      },
      {
        "type": "Secret Keyword",
        "filename": "tests/US-011_n8n_credential_connectivity.test.py",
        "hashed_secret": "de882f69c89846c09dd22ed404aca5cb2a0c6b24",
        "is_verified": false,
        "line_number": 86
      },
      {
        "type": "Secret Keyword",
        "filename": "tests/US-011_n8n_credential_connectivity.test.py",
        "hashed_secret": "e5e9fa1ba31ecd1ae84f75caaa474f3a663f05f4",
        "is_verified": false,
        "line_number": 526
      }
    ],
    "tests/US-014_integration_testing.test.py": [
      {
        "type": "Secret Keyword",
        "filename": "tests/US-014_integration_testing.test.py",
        "hashed_secret": "adc6724bfa5842a94ba0cabd3d097992804228f0",
        "is_verified": false,
        "line_number": 81
      }
    ],
    "tests/test_notifier.py": [
      {
        "type": "Secret Keyword",
        "filename": "tests/test_notifier.py",
        "hashed_secret": "e5e9fa1ba31ecd1ae84f75caaa474f3a663f05f4",
        "is_verified": false,
        "line_number": 18
      }
    ],
    "venv/lib/python3.12/site-packages/anthropic-0.83.0.dist-info/METADATA": [
      {
        "type": "Secret Keyword",
        "filename": "venv/lib/python3.12/site-packages/anthropic-0.83.0.dist-info/METADATA",
        "hashed_secret": "920ce1c21351e052e4c9cc8558405c2b7a615d9c",
        "is_verified": false,
        "line_number": 90
      }
    ],
    "venv/lib/python3.12/site-packages/anthropic/resources/beta/messages/messages.py": [
      {
        "type": "Base64 High Entropy String",
        "filename": "venv/lib/python3.12/site-packages/anthropic/resources/beta/messages/messages.py",
        "hashed_secret": "32dffb3f5f9ad9986a59ad53891eb871754c44db",
        "is_verified": false,
        "line_number": 355
      }
    ],
    "venv/lib/python3.12/site-packages/anthropic/resources/messages/messages.py": [
      {
        "type": "Base64 High Entropy String",
        "filename": "venv/lib/python3.12/site-packages/anthropic/resources/messages/messages.py",
        "hashed_secret": "32dffb3f5f9ad9986a59ad53891eb871754c44db",
        "is_verified": false,
        "line_number": 329
      }
    ],
    "venv/lib/python3.12/site-packages/anthropic/types/beta/message_count_tokens_params.py": [
      {
        "type": "Base64 High Entropy String",
        "filename": "venv/lib/python3.12/site-packages/anthropic/types/beta/message_count_tokens_params.py",
        "hashed_secret": "32dffb3f5f9ad9986a59ad53891eb871754c44db",
        "is_verified": false,
        "line_number": 233
      }
    ],
    "venv/lib/python3.12/site-packages/anthropic/types/beta/message_create_params.py": [
      {
        "type": "Base64 High Entropy String",
        "filename": "venv/lib/python3.12/site-packages/anthropic/types/beta/message_create_params.py",
        "hashed_secret": "32dffb3f5f9ad9986a59ad53891eb871754c44db",
        "is_verified": false,
        "line_number": 277
      }
    ],
    "venv/lib/python3.12/site-packages/anthropic/types/message_count_tokens_params.py": [
      {
        "type": "Base64 High Entropy String",
        "filename": "venv/lib/python3.12/site-packages/anthropic/types/message_count_tokens_params.py",
        "hashed_secret": "32dffb3f5f9ad9986a59ad53891eb871754c44db",
        "is_verified": false,
        "line_number": 182
      }
    ],
    "venv/lib/python3.12/site-packages/anthropic/types/message_create_params.py": [
      {
        "type": "Base64 High Entropy String",
        "filename": "venv/lib/python3.12/site-packages/anthropic/types/message_create_params.py",
        "hashed_secret": "32dffb3f5f9ad9986a59ad53891eb871754c44db",
        "is_verified": false,
        "line_number": 250
      }
    ],
    "venv/lib/python3.12/site-packages/httpx/_urls.py": [
      {
        "type": "Secret Keyword",
        "filename": "venv/lib/python3.12/site-packages/httpx/_urls.py",
        "hashed_secret": "66b9e5aef98ced908e577140bccee56bcf4d29b9",
        "is_verified": false,
        "line_number": 21
      },
      {
        "type": "Basic Auth Credentials",
        "filename": "venv/lib/python3.12/site-packages/httpx/_urls.py",
        "hashed_secret": "86efd7a4b462b1f97dc94b27c2860dc1bcbde38d",
        "is_verified": false,
        "line_number": 34
      }
    ],
    "venv/lib/python3.12/site-packages/pip/_vendor/urllib3/util/url.py": [
      {
        "type": "Basic Auth Credentials",
        "filename": "venv/lib/python3.12/site-packages/pip/_vendor/urllib3/util/url.py",
        "hashed_secret": "5baa61e4c9b93f3f0682250b6cf8331b7ee68fd8",
        "is_verified": false,
        "line_number": 148
      }
    ],
    "venv/lib/python3.12/site-packages/pydantic/networks.py": [
      {
        "type": "Basic Auth Credentials",
        "filename": "venv/lib/python3.12/site-packages/pydantic/networks.py",
        "hashed_secret": "9d4e1e23bd5b727046a9e3b4b7db57bd8d6ee684",
        "is_verified": false,
        "line_number": 137
      },
      {
        "type": "Secret Keyword",
        "filename": "venv/lib/python3.12/site-packages/pydantic/networks.py",
        "hashed_secret": "62cdb7020ff920e5aa642c3d4066950dd1f01f4d",
        "is_verified": false,
        "line_number": 403
      }
    ],
    "venv/lib/python3.12/site-packages/pydantic/types.py": [
      {
        "type": "Secret Keyword",
        "filename": "venv/lib/python3.12/site-packages/pydantic/types.py",
        "hashed_secret": "45e1bd4d6c75a154fdfdc0a951ddfc12983885b3",
        "is_verified": false,
        "line_number": 1854
      },
      {
        "type": "Base64 High Entropy String",
        "filename": "venv/lib/python3.12/site-packages/pydantic/types.py",
        "hashed_secret": "befba895abf49e14d21c1aee434c561647996707",
        "is_verified": false,
        "line_number": 2780
      }
    ],
    "venv/lib/python3.12/site-packages/pygments/lexers/_cocoa_builtins.py": [
      {
        "type": "Base64 High Entropy String",
        "filename": "venv/lib/python3.12/site-packages/pygments/lexers/_cocoa_builtins.py",
        "hashed_secret": "d42bda5de6790d8696ff1e43db8babaaecfbdb5a",
        "is_verified": false,
        "line_number": 14
      }
    ]
  },
  "generated_at": "2026-03-05T22:38:19Z"
}
