============================= test session starts ==============================
platform linux -- Python 3.12.3, pytest-9.0.2, pluggy-1.6.0 -- /home/johnlane/projects/structured-achievement-tool/venv/bin/python
cachedir: .pytest_cache
rootdir: /home/johnlane/projects/structured-achievement-tool
configfile: pyproject.toml
plugins: anyio-4.12.1, asyncio-1.3.0, cov-7.0.0, langsmith-0.7.6
asyncio: mode=Mode.STRICT, debug=False, asyncio_default_fixture_loop_scope=None, asyncio_default_test_loop_scope=function
collecting ... collected 60 items

tests/test_US_002_config_merger.py::TestDeepMergeFlatValues::test_scalar_int_override PASSED [  1%]
tests/test_US_002_config_merger.py::TestDeepMergeFlatValues::test_scalar_string_override PASSED [  3%]
tests/test_US_002_config_merger.py::TestDeepMergeFlatValues::test_scalar_bool_override PASSED [  5%]
tests/test_US_002_config_merger.py::TestDeepMergeFlatValues::test_scalar_float_override PASSED [  6%]
tests/test_US_002_config_merger.py::TestDeepMergeFlatValues::test_scalar_zero_override PASSED [  8%]
tests/test_US_002_config_merger.py::TestDeepMergeFlatValues::test_scalar_empty_string_override PASSED [ 10%]
tests/test_US_002_config_merger.py::TestDeepMergeFlatValues::test_scalar_false_override PASSED [ 11%]
tests/test_US_002_config_merger.py::TestDeepMergeNestedDicts::test_nested_dict_merge_level2 PASSED [ 13%]
tests/test_US_002_config_merger.py::TestDeepMergeNestedDicts::test_nested_dict_merge_level3 PASSED [ 15%]
tests/test_US_002_config_merger.py::TestDeepMergeNestedDicts::test_nested_dict_merge_level4 PASSED [ 16%]
tests/test_US_002_config_merger.py::TestDeepMergeNestedDicts::test_nested_dict_multiple_independent_paths PASSED [ 18%]
tests/test_US_002_config_merger.py::TestDeepMergeNestedDicts::test_nested_dict_preserves_untouched_keys PASSED [ 20%]
tests/test_US_002_config_merger.py::TestDeepMergeListHandling::test_list_replacement_with_shorter_list PASSED [ 21%]
tests/test_US_002_config_merger.py::TestDeepMergeListHandling::test_list_replacement_with_longer_list PASSED [ 23%]
tests/test_US_002_config_merger.py::TestDeepMergeListHandling::test_list_replacement_with_empty_list PASSED [ 25%]
tests/test_US_002_config_merger.py::TestDeepMergeListHandling::test_list_replacement_with_different_types PASSED [ 26%]
tests/test_US_002_config_merger.py::TestDeepMergeListHandling::test_list_replacement_with_nested_dicts PASSED [ 28%]
tests/test_US_002_config_merger.py::TestDeepMergeListHandling::test_list_replacement_with_nested_lists PASSED [ 30%]
tests/test_US_002_config_merger.py::TestDeepMergeListHandling::test_list_in_nested_dict_replacement PASSED [ 31%]
tests/test_US_002_config_merger.py::TestDeepMergeNoneHandling::test_none_deletes_top_level_key PASSED [ 33%]
tests/test_US_002_config_merger.py::TestDeepMergeNoneHandling::test_none_deletes_nested_key PASSED [ 35%]
tests/test_US_002_config_merger.py::TestDeepMergeNoneHandling::test_none_deletes_multiple_keys_same_level PASSED [ 36%]
tests/test_US_002_config_merger.py::TestDeepMergeNoneHandling::test_none_with_other_overrides PASSED [ 38%]
tests/test_US_002_config_merger.py::TestDeepMergeNoneHandling::test_none_deletes_key_not_in_override PASSED [ 40%]
tests/test_US_002_config_merger.py::TestDeepMergeNoneHandling::test_none_in_deeply_nested_dict PASSED [ 41%]
tests/test_US_002_config_merger.py::TestDeepMergeImmutability::test_base_immutability_simple PASSED [ 43%]
tests/test_US_002_config_merger.py::TestDeepMergeImmutability::test_base_immutability_nested PASSED [ 45%]
tests/test_US_002_config_merger.py::TestDeepMergeImmutability::test_base_immutability_with_none PASSED [ 46%]
tests/test_US_002_config_merger.py::TestDeepMergeImmutability::test_override_immutability_simple PASSED [ 48%]
tests/test_US_002_config_merger.py::TestDeepMergeImmutability::test_override_immutability_nested PASSED [ 50%]
tests/test_US_002_config_merger.py::TestDeepMergeImmutability::test_nested_list_immutability_base PASSED [ 51%]
tests/test_US_002_config_merger.py::TestDeepMergeImmutability::test_nested_list_immutability_override PASSED [ 53%]
tests/test_US_002_config_merger.py::TestDeepMergeImmutability::test_deepcopy_verification PASSED [ 55%]
tests/test_US_002_config_merger.py::TestDeepMergeEmptyCases::test_empty_base_with_override PASSED [ 56%]
tests/test_US_002_config_merger.py::TestDeepMergeEmptyCases::test_empty_base_empty_override PASSED [ 58%]
tests/test_US_002_config_merger.py::TestDeepMergeEmptyCases::test_empty_override_with_base PASSED [ 60%]
tests/test_US_002_config_merger.py::TestDeepMergeEmptyCases::test_both_empty PASSED [ 61%]
tests/test_US_002_config_merger.py::TestDeepMergeEmptyCases::test_empty_nested_dict_in_override PASSED [ 63%]
tests/test_US_002_config_merger.py::TestDeepMergeDeeplyNested::test_deeply_nested_3_levels PASSED [ 65%]
tests/test_US_002_config_merger.py::TestDeepMergeDeeplyNested::test_deeply_nested_5_levels PASSED [ 66%]
tests/test_US_002_config_merger.py::TestDeepMergeDeeplyNested::test_deeply_nested_mixed_merge PASSED [ 68%]
tests/test_US_002_config_merger.py::TestDeepMergeDeeplyNested::test_deeply_nested_with_none PASSED [ 70%]
tests/test_US_002_config_merger.py::TestDeepMergeTypeConversions::test_scalar_to_dict PASSED [ 71%]
tests/test_US_002_config_merger.py::TestDeepMergeTypeConversions::test_dict_to_scalar PASSED [ 73%]
tests/test_US_002_config_merger.py::TestDeepMergeTypeConversions::test_dict_to_list PASSED [ 75%]
tests/test_US_002_config_merger.py::TestDeepMergeTypeConversions::test_list_to_dict PASSED [ 76%]
tests/test_US_002_config_merger.py::TestDeepMergeTypeConversions::test_list_to_scalar PASSED [ 78%]
tests/test_US_002_config_merger.py::TestDeepMergeTypeConversions::test_scalar_to_list PASSED [ 80%]
tests/test_US_002_config_merger.py::TestDeepMergeTypeConversions::test_type_mismatch_preservation PASSED [ 81%]
tests/test_US_002_config_merger.py::TestDeepMergeTypeConversions::test_nested_type_conversion PASSED [ 83%]
tests/test_US_002_config_merger.py::TestDeepMergeComplexScenarios::test_comprehensive_real_world_config PASSED [ 85%]
tests/test_US_002_config_merger.py::TestDeepMergeComplexScenarios::test_special_characters_in_keys PASSED [ 86%]
tests/test_US_002_config_merger.py::TestDeepMergeComplexScenarios::test_numeric_string_keys PASSED [ 88%]
tests/test_US_002_config_merger.py::TestDeepMergeComplexScenarios::test_unicode_string_values PASSED [ 90%]
tests/test_US_002_config_merger.py::TestDeepMergeComplexScenarios::test_negative_numbers PASSED [ 91%]
tests/test_US_002_config_merger.py::TestDeepMergeComplexScenarios::test_zero_values PASSED [ 93%]
tests/test_US_002_config_merger.py::TestDeepMergeComplexScenarios::test_boolean_false_override_true PASSED [ 95%]
tests/test_US_002_config_merger.py::TestDeepMergeComplexScenarios::test_boolean_true_override_false PASSED [ 96%]
tests/test_US_002_config_merger.py::TestDeepMergeComplexScenarios::test_multiple_consecutive_merges PASSED [ 98%]
tests/test_US_002_config_merger.py::TestDeepMergeComplexScenarios::test_large_nested_structure PASSED [100%]

============================== 60 passed in 0.07s ==============================
